// Jest Snapshot v1, https://goo.gl/fbAQLP

exports[`VerificationCodes render 1`] = `
<DocumentFragment>
  <div
    data-testid="head"
  >
    <meta
      content="google"
      name="google-site-verification"
    />
    <meta
      content="yandex"
      name="yandex-verification"
    />
  </div>
</DocumentFragment>
`;
