// Jest Snapshot v1, https://goo.gl/fbAQLP

exports[`PostWithContent render 1`] = `
<DocumentFragment>
  <h2
    class="title"
  >
    title
  </h2>
  <hr
    class="hr"
  />
  <p
    class="meta"
  >
    2020-11-11T17:47:51+0000
  </p>
  <div
    data-testid="image-view"
  >
    <div
      class="image"
    >
      <img
        alt="image"
        height="320"
        src="http://test.com"
        width="auto"
      />
    </div>
  </div>
  <p
    class="imageLabel"
  >
    image
  </p>
  <div
    data-testid="content"
  />
  <p
    class="footer"
  >
    2020-11-11T17:47:51+0000
  </p>
</DocumentFragment>
`;
