// Jest Snapshot v1, https://goo.gl/fbAQLP

exports[`Nav items 1`] = `
<DocumentFragment>
  <nav
    class="root"
  >
    <div
      class="mobileToggle"
    >
      <button
        class="root"
      >
        <img
          alt="menu"
          src="[object Object]"
        />
      </button>
    </div>
    <div
      class="itemsContainer "
    >
      <div
        class="container"
      >
        <ul
          class="ul"
        >
          <li
            class="li"
          >
            <a
              href="/#"
            >
              Главная
            </a>
          </li>
        </ul>
      </div>
    </div>
  </nav>
</DocumentFragment>
`;

exports[`Nav mobile open on humburger click 1`] = `
"Snapshot Diff:
- First value
+ Second value

@@ -13,11 +13,14 @@
            src=\\"[object Object]\\"
          />
        </button>
      </div>
      <div
-       class=\\"itemsContainer \\"
+       class=\\"root\\"
+     />
+     <div
+       class=\\"itemsContainer d-flex\\"
      >
        <div
          class=\\"container\\"
        >
          <ul"
`;
